// Jest Snapshot v1, https://goo.gl/fbAQLP

exports[`App component renders App 1`] = `
<DocumentFragment>
  <div>
    <main>
      <ul />
    </main>
  </div>
</DocumentFragment>
`;
